<html>
<body>
<pre>
<h1>�Vision Build Log</h1>
<h2>Tool Versions:</h2>
IDE-Version: ��Vision V5.37.0.0
Copyright (C) 2022 ARM Ltd and ARM Germany GmbH. All rights reserved.
License Information: he spes, 2, LIC=8MZI6-DVQ13-YD0K5-G07YT-K5DIY-Y1TVF
 
Tool Versions:
Toolchain:       MDK-ARM Professional  Version: 5.37.0.0
Toolchain Path:  E:\download\keil5\core\ARM\ARMCC\Bin
C Compiler:      Armcc.exe V5.06 update 7 (build 960)
Assembler:       Armasm.exe V5.06 update 7 (build 960)
Linker/Locator:  ArmLink.exe V5.06 update 7 (build 960)
Library Manager: ArmAr.exe V5.06 update 7 (build 960)
Hex Converter:   FromElf.exe V5.06 update 7 (build 960)
CPU DLL:         SARMCM3.DLL V5.37.0.0
Dialog DLL:      DCM.DLL V1.17.5.0
Target DLL:      STLink\ST-LINKIII-KEIL_SWO.dll V3.0.9.0
Dialog DLL:      TCM.DLL V1.56.1.0
 
<h2>Project:</h2>
G:\stm\test\Project.uvprojx
Project File Date:  05/10/2026

<h2>Output:</h2>
*** Using Compiler 'V5.06 update 7 (build 960)', folder: 'E:\download\keil5\core\ARM\ARMCC\Bin'
Rebuild target 'Target 1'
assembling startup_stm32f10x_md.s...
compiling core_cm3.c...
compiling system_stm32f10x.c...
compiling stm32f10x_dac.c...
compiling main.c...
.\Hardware\delay.h(11): warning:  #1-D: last line of file ends without a newline
  #endif
.\Hardware\dht11.h(31): warning:  #1-D: last line of file ends without a newline
  #endif
.\Hardware\my_usart.h(31): warning:  #1-D: last line of file ends without a newline
  #endif
User\main.c(61): warning:  #1-D: last line of file ends without a newline
  }
User\main.c: 4 warnings, 0 errors
compiling stm32f10x_crc.c...
compiling stm32f10x_cec.c...
compiling stm32f10x_it.c...
compiling stm32f10x_dma.c...
compiling misc.c...
compiling stm32f10x_bkp.c...
compiling stm32f10x_dbgmcu.c...
compiling stm32f10x_exti.c...
compiling stm32f10x_adc.c...
compiling stm32f10x_flash.c...
compiling stm32f10x_can.c...
compiling stm32f10x_fsmc.c...
compiling stm32f10x_gpio.c...
compiling stm32f10x_iwdg.c...
compiling stm32f10x_i2c.c...
compiling stm32f10x_pwr.c...
compiling stm32f10x_rcc.c...
compiling stm32f10x_rtc.c...
compiling stm32f10x_sdio.c...
compiling stm32f10x_spi.c...
compiling stm32f10x_wwdg.c...
compiling stm32f10x_usart.c...
compiling my_gpio.c...
compiling delay.c...
Hardware\delay.h(11): warning:  #1-D: last line of file ends without a newline
  #endif
Hardware\delay.c(76): warning:  #1-D: last line of file ends without a newline
  }
Hardware\delay.c: 2 warnings, 0 errors
compiling stm32f10x_tim.c...
compiling dht11.c...
Hardware\delay.h(11): warning:  #1-D: last line of file ends without a newline
  #endif
Hardware\dht11.h(31): warning:  #1-D: last line of file ends without a newline
  #endif
Hardware\dht11.c(139): warning:  #1-D: last line of file ends without a newline
  }
Hardware\dht11.c: 3 warnings, 0 errors
compiling OLED_Data.c...
compiling my_usart.c...
Hardware\my_usart.h(31): warning:  #1-D: last line of file ends without a newline
  #endif
Hardware\my_usart.c(86): warning:  #1-D: last line of file ends without a newline
  }
Hardware\my_usart.c: 2 warnings, 0 errors
compiling OLED.c...
Hardware\OLED.c(865): warning:  #223-D: function "round" declared implicitly
  	FraNum = round(Number * PowNum);		//将小数乘到整数，同时四舍五入，避免显示误�?
Hardware\OLED.c: 1 warning, 0 errors
linking...
Program Size: Code=3804 RO-data=268 RW-data=48 ZI-data=1024  
".\Objects\Project.axf" - 0 Error(s), 12 Warning(s).

<h2>Software Packages used:</h2>

Package Vendor: Keil
                http://www.keil.com/pack/Keil.STM32F1xx_DFP.2.4.0.pack
                Keil.STM32F1xx_DFP.2.4.0
                STMicroelectronics STM32F1 Series Device Support, Drivers and Examples

<h2>Collection of Component include folders:</h2>
  E:/download/keil5/pack/Keil/STM32F1xx_DFP/2.4.0/Device/Include

<h2>Collection of Component Files used:</h2>
Build Time Elapsed:  00:00:02
</pre>
</body>
</html>
